HP@DESKTOP-ADD3JU7 MINGW64 ~/PycharmProjects/Guvi_PythonSelenium (master)
$ git init
Initialized empty Git repository in C:/Users/HP/PycharmProjects/Guvi_PythonSelenium/.git/

HP@DESKTOP-ADD3JU7 MINGW64 ~/PycharmProjects/Guvi_PythonSelenium (master)
$ git config --global user.name "Sharath-chandran"

HP@DESKTOP-ADD3JU7 MINGW64 ~/PycharmProjects/Guvi_PythonSelenium (master)
$ git config --global user.email "sharathdfire@gmail.com"

HP@DESKTOP-ADD3JU7 MINGW64 ~/PycharmProjects/Guvi_PythonSelenium (master)
$ touch README.md

HP@DESKTOP-ADD3JU7 MINGW64 ~/PycharmProjects/Guvi_PythonSelenium (master)
$ git status
On branch master

No commits yet

Untracked files:
  (use "git add <file>..." to include in what will be committed)
        .idea/
        README.md
        main.py

nothing added to commit but untracked files present (use "git add" to track)

HP@DESKTOP-ADD3JU7 MINGW64 ~/PycharmProjects/Guvi_PythonSelenium (master)
$ git add .
warning: in the working copy of '.idea/inspectionProfiles/profiles_settings.xml', LF will be replaced by CRLF the next time Git touches it

HP@DESKTOP-ADD3JU7 MINGW64 ~/PycharmProjects/Guvi_PythonSelenium (master)
$ git status
On branch master

No commits yet

Changes to be committed:
  (use "git rm --cached <file>..." to unstage)
        new file:   .idea/.gitignore
        new file:   .idea/.name
        new file:   .idea/Guvi_PythonSelenium.iml
        new file:   .idea/inspectionProfiles/profiles_settings.xml
        new file:   .idea/misc.xml
        new file:   .idea/modules.xml
        new file:   README.md
        new file:   main.py


HP@DESKTOP-ADD3JU7 MINGW64 ~/PycharmProjects/Guvi_PythonSelenium (master)
$ git commit -m "Initial commit"
[master (root-commit) b4fa418] Initial commit
 8 files changed, 49 insertions(+)
 create mode 100644 .idea/.gitignore
 create mode 100644 .idea/.name
 create mode 100644 .idea/Guvi_PythonSelenium.iml
 create mode 100644 .idea/inspectionProfiles/profiles_settings.xml
 create mode 100644 .idea/misc.xml
 create mode 100644 .idea/modules.xml
 create mode 100644 README.md
 create mode 100644 main.py

HP@DESKTOP-ADD3JU7 MINGW64 ~/PycharmProjects/Guvi_PythonSelenium (master)
$ git branch -M main

HP@DESKTOP-ADD3JU7 MINGW64 ~/PycharmProjects/Guvi_PythonSelenium (main)
$ git remote add origin https://github.com/Sharath-chandran/Guvi_PythonSelenium.git

HP@DESKTOP-ADD3JU7 MINGW64 ~/PycharmProjects/Guvi_PythonSelenium (main)
$ git push -u origin main
info: please complete authentication in your browser...
Enumerating objects: 12, done.
Counting objects: 100% (12/12), done.
Delta compression using up to 8 threads
Compressing objects: 100% (8/8), done.
Writing objects: 100% (12/12), 1.68 KiB | 862.00 KiB/s, done.
Total 12 (delta 0), reused 0 (delta 0), pack-reused 0 (from 0)
To https://github.com/Sharath-chandran/Guvi_PythonSelenium.git
 * [new branch]      main -> main
branch 'main' set up to track 'origin/main'.

HP@DESKTOP-ADD3JU7 MINGW64 ~/PycharmProjects/Guvi_PythonSelenium (main)
$ git push -u origin main
branch 'main' set up to track 'origin/main'.
Everything up-to-date

HP@DESKTOP-ADD3JU7 MINGW64 ~/PycharmProjects/Guvi_PythonSelenium (main)
$
